C51 COMPILER V9.00   GATHERER                                                              03/30/2017 17:11:08 PAGE 1   


C51 COMPILER V9.00, COMPILATION OF MODULE GATHERER
OBJECT MODULE PLACED IN gatherer.obj
COMPILER INVOKED BY: I:\program\keil\C51\BIN\C51.EXE code\gatherer.c BROWSE DEBUG OBJECTEXTEND PRINT(.\gatherer.lst) OBJ
                    -ECT(gatherer.obj)

line level    source

   1          #include"gatherer.h"
   2          
   3          int ligth = 0;
   4          int lights[10] = {0,0,0,0,0,0,0,0,0,0};
   5          char ligvalindex = 0;
   6          
   7          /*----------------------------
   8          初始化ADC
   9          ----------------------------*/
  10          void InitADC()
  11          {
  12   1          P1ASF = 0xff;                   //设置P1口为AD口
  13   1          ADC_RES = 0;                    //清除结果寄存器
  14   1          ADC_CONTR = ADC_POWER | ADC_SPEEDLL;
  15   1          Delay(2);                       //ADC上电并延时
  16   1      }
  17          void gathererinit()
  18          {
  19   1              InitADC();
  20   1      }
  21          /*----------------------------
  22          读取ADC结果
  23          ----------------------------*/
  24          BYTE GetADCResult(BYTE ch)
  25          {
  26   1          ADC_CONTR = ADC_POWER | ADC_SPEEDLL | ch | ADC_START;
  27   1          _nop_();                        //等待4个NOP
  28   1          _nop_();
  29   1          _nop_();
  30   1          _nop_();
  31   1          while (!(ADC_CONTR & ADC_FLAG));//等待ADC转换完成
  32   1          ADC_CONTR &= ~ADC_FLAG;         //Close ADC
  33   1      
  34   1          return ADC_RES;                 //返回ADC结果
  35   1      }
  36          
  37          void sendvar(int _light)
  38          {
  39   1              //unsigned char  light =
  40   1              char sendbuf[5];
  41   1              sendbuf[0] = MYID + '0';
  42   1              sendbuf[1] = _light/100 + '0';
  43   1              sendbuf[2] = (_light%100)/10 + '0';
  44   1              sendbuf[3] = (_light%10) + '0';
  45   1              SendString(sendbuf);
  46   1              NRFSetTxMode(sendbuf);
  47   1              while(CheckACK());
  48   1      }
  49          void handlerlights(int* ligs,char*size)
  50          {
  51   1              char index = 0;
  52   1              *(ligs + 9) = 0;
  53   1              *(ligs + *size) = GetADCResult(2)/10;
  54   1              for(index=0;index<9;index++)
C51 COMPILER V9.00   GATHERER                                                              03/30/2017 17:11:08 PAGE 2   

  55   1              {
  56   2                      *(ligs+9) += *(ligs +index); 
  57   2              }
  58   1      
  59   1              ligth = *(ligs+9)/25;
  60   1              *size = (*size+1) % 10 ;        
  61   1      }


MODULE INFORMATION:   STATIC OVERLAYABLE
   CODE SIZE        =    290    ----
   CONSTANT SIZE    =   ----    ----
   XDATA SIZE       =   ----    ----
   PDATA SIZE       =   ----    ----
   DATA SIZE        =     23      11
   IDATA SIZE       =   ----    ----
   BIT SIZE         =   ----    ----
END OF MODULE INFORMATION.


C51 COMPILATION COMPLETE.  0 WARNING(S),  0 ERROR(S)
